<html>
<body>
<pre>
<h1>µVision Build Log</h1>
<h2>Project:</h2>
C:\Users\lenalim\Documents\ValvanoWareTM4C123\Lab-3\Lab3\ST7735.uvproj
Project File Date:  09/06/2016

<h2>Output:</h2>
Rebuild target 'ST7735'
assembling startup.s...
compiling PLL.c...
compiling ST7735.c...
compiling ST7735TestMain.c...
compiling fixed.c...
compiling Switch.c...
compiling Speaker.c...
linking...
Program Size: Code=5064 RO-data=14920 RW-data=44 ZI-data=1028  
".\ST7735.axf" - 0 Error(s), 0 Warning(s).
h(4): warning:  #1-D: last line of file ends without a newline
        
Speaker.c: 1 warning, 0 errors
linking...
Program Size: Code=5064 RO-data=14920 RW-data=44 ZI-data=1028  
".\ST7735.axf" - 0 Error(s), 2 Warning(s).
), 2 Warning(s).
a=14920 RW-data=44 ZI-data=1028  
".\ST7735.axf" - 0 Error(s), 3 Warning(s).
